// Jest Snapshot v1, https://goo.gl/fbAQLP

exports[`Checked Popup.Toggle should render correctly 1`] = `
.c1 {
  margin: unset;
  padding: unset;
  border: unset;
  background: unset;
  font: unset;
  font-family: inherit;
  font-size: 100%;
  box-sizing: border-box;
  background-color: unset;
  color: inherit;
}

.c0 {
  display: block;
}

<button
  className="c0 c1 "
  onClick={[Function]}
/>
`;

exports[`Checked popup should render correctly 1`] = `
.c1 {
  margin: unset;
  padding: unset;
  border: unset;
  background: unset;
  font: unset;
  font-family: inherit;
  font-size: 100%;
  box-sizing: border-box;
  background-color: unset;
  color: inherit;
}

.c3 {
  -webkit-transform: translate3d(0px,0px,0px);
  -ms-transform: translate3d(0px,0px,0px);
  transform: translate3d(0px,0px,0px);
  -webkit-transform-origin: calc(50% + 0px) calc(50% + 0px);
  -ms-transform-origin: calc(50% + 0px) calc(50% + 0px);
  transform-origin: calc(50% + 0px) calc(50% + 0px);
  -webkit-transition: all 250ms ease-in-out;
  transition: all 250ms ease-in-out;
}

.c3[aria-hidden="true"] {
  pointer-events: none;
  opacity: 0;
  -webkit-transform: translate3d(0px,0px,0px);
  -ms-transform: translate3d(0px,0px,0px);
  transform: translate3d(0px,0px,0px);
  visibility: hidden;
  will-change: transform,opacity;
}

.c5 {
  -webkit-transform: translate3d(-50%,-50%,0px);
  -ms-transform: translate3d(-50%,-50%,0px);
  transform: translate3d(-50%,-50%,0px);
  -webkit-transform-origin: calc(50% + 0px) calc(50% + 0px);
  -ms-transform-origin: calc(50% + 0px) calc(50% + 0px);
  transform-origin: calc(50% + 0px) calc(50% + 0px);
  -webkit-transition: all 250ms ease-in-out;
  transition: all 250ms ease-in-out;
}

.c5[aria-hidden="true"] {
  pointer-events: none;
  opacity: 0;
  -webkit-transform: translate3d(-50%,calc(100% + -50%),0px) scale(0.01);
  -ms-transform: translate3d(-50%,calc(100% + -50%),0px) scale(0.01);
  transform: translate3d(-50%,calc(100% + -50%),0px) scale(0.01);
  visibility: hidden;
  will-change: transform,opacity;
}

.c2 {
  position: fixed;
  top: 0;
  left: 0;
  width: 100%;
  height: 100%;
  z-index: 998;
  -webkit-tap-highlight-color: rgba(0,0,0,0);
  -moz-tap-highlight-color: rgba(0,0,0,0);
}

.c0 {
  display: block;
}

.c4 {
  position: fixed;
  z-index: 19900410;
  left: 50%;
  top: 50%;
}

<div
  className="c0 c1"
>
  <div
    aria-hidden={true}
    className="c2 c3 c1"
    hidden={false}
    onTransitionEnd={[Function]}
    role="button"
    tabIndex={-1}
  />
  <div
    aria-hidden={true}
    aria-modal={true}
    className="c4 c5 c1"
    hidden={false}
    onTransitionEnd={[Function]}
    role="dialog"
  />
</div>
`;

exports[`Checked popup with disableBackgroundClose prop should render correctly 1`] = `
.c1 {
  margin: unset;
  padding: unset;
  border: unset;
  background: unset;
  font: unset;
  font-family: inherit;
  font-size: 100%;
  box-sizing: border-box;
  background-color: unset;
  color: inherit;
}

.c3 {
  -webkit-transform: translate3d(0px,0px,0px);
  -ms-transform: translate3d(0px,0px,0px);
  transform: translate3d(0px,0px,0px);
  -webkit-transform-origin: calc(50% + 0px) calc(50% + 0px);
  -ms-transform-origin: calc(50% + 0px) calc(50% + 0px);
  transform-origin: calc(50% + 0px) calc(50% + 0px);
  -webkit-transition: all 250ms ease-in-out;
  transition: all 250ms ease-in-out;
}

.c3[aria-hidden="true"] {
  pointer-events: none;
  opacity: 0;
  -webkit-transform: translate3d(0px,0px,0px);
  -ms-transform: translate3d(0px,0px,0px);
  transform: translate3d(0px,0px,0px);
  visibility: hidden;
  will-change: transform,opacity;
}

.c5 {
  -webkit-transform: translate3d(-50%,-50%,0px);
  -ms-transform: translate3d(-50%,-50%,0px);
  transform: translate3d(-50%,-50%,0px);
  -webkit-transform-origin: calc(50% + 0px) calc(50% + 0px);
  -ms-transform-origin: calc(50% + 0px) calc(50% + 0px);
  transform-origin: calc(50% + 0px) calc(50% + 0px);
  -webkit-transition: all 250ms ease-in-out;
  transition: all 250ms ease-in-out;
}

.c5[aria-hidden="true"] {
  pointer-events: none;
  opacity: 0;
  -webkit-transform: translate3d(-50%,calc(100% + -50%),0px) scale(0.01);
  -ms-transform: translate3d(-50%,calc(100% + -50%),0px) scale(0.01);
  transform: translate3d(-50%,calc(100% + -50%),0px) scale(0.01);
  visibility: hidden;
  will-change: transform,opacity;
}

.c2 {
  position: fixed;
  top: 0;
  left: 0;
  width: 100%;
  height: 100%;
  z-index: 998;
  -webkit-tap-highlight-color: rgba(0,0,0,0);
  -moz-tap-highlight-color: rgba(0,0,0,0);
}

.c0 {
  display: block;
}

.c4 {
  position: fixed;
  z-index: 19900410;
  left: 50%;
  top: 50%;
}

<div
  className="c0 c1"
>
  <div
    aria-hidden={true}
    className="c2 c3 c1"
    hidden={false}
    onTransitionEnd={[Function]}
    role="button"
    tabIndex={-1}
  />
  <div
    aria-hidden={true}
    aria-modal={true}
    className="c4 c5 c1"
    hidden={false}
    onTransitionEnd={[Function]}
    role="dialog"
  />
</div>
`;
